<div>
    <p>{{text}}</p>
    <nested-component/>
</div>

<style>
p {
    color: steelblue;
}

</style>


<script>
component.exports = {
	data: {
		text: 'this is the default text'
	}
};

</script>
