<p>{{text}}</p>

<style>
p {
    color: steelblue;
}

</style>


<script>
component.exports = {
	data: {
		text: 'this is the default text'
	}
};

</script>
